#-----------------------------------------------------------
# Vivado v2018.3 (64-bit)
# SW Build 2405991 on Thu Dec  6 23:38:27 MST 2018
# IP Build 2404404 on Fri Dec  7 01:43:56 MST 2018
# Start of session at: Fri Mar 15 14:48:37 2019
# Process ID: 9204
# Current directory: C:/Users/SET253-08U.HCCMAIN/Documents/GitHub/ENES247/lab2-7segDisplayofAdders/Lab2_3_hexTo7seg
# Command line: vivado.exe -gui_launcher_event rodinguilauncherevent11556 C:\Users\SET253-08U.HCCMAIN\Documents\GitHub\ENES247\lab2-7segDisplayofAdders\Lab2_3_hexTo7seg\hexTo7seg.xpr
# Log file: C:/Users/SET253-08U.HCCMAIN/Documents/GitHub/ENES247/lab2-7segDisplayofAdders/Lab2_3_hexTo7seg/vivado.log
# Journal file: C:/Users/SET253-08U.HCCMAIN/Documents/GitHub/ENES247/lab2-7segDisplayofAdders/Lab2_3_hexTo7seg\vivado.jou
#-----------------------------------------------------------
start_gui
open_project C:/Users/SET253-08U.HCCMAIN/Documents/GitHub/ENES247/lab2-7segDisplayofAdders/Lab2_3_hexTo7seg/hexTo7seg.xpr
update_compile_order -fileset sources_1
reset_run synth_1
launch_runs impl_1 -jobs 2
wait_on_run impl_1
open_run impl_1
close_design
open_run synth_1 -name synth_1
reset_run impl_1
launch_runs impl_1 -jobs 2
wait_on_run impl_1
close_design
open_run impl_1
