#-----------------------------------------------------------
# Vivado v2018.3 (64-bit)
# SW Build 2405991 on Thu Dec  6 23:38:27 MST 2018
# IP Build 2404404 on Fri Dec  7 01:43:56 MST 2018
# Start of session at: Thu Apr  4 16:58:00 2019
# Process ID: 8924
# Current directory: C:/Users/SET253-17U.HCCMAIN/Documents/GitHub/ENES247/lab6-ShiftRegisters/lab6_1_4/shiftLeft
# Command line: vivado.exe -gui_launcher_event rodinguilauncherevent8020 C:\Users\SET253-17U.HCCMAIN\Documents\GitHub\ENES247\lab6-ShiftRegisters\lab6_1_4\shiftLeft\shiftLeft.xpr
# Log file: C:/Users/SET253-17U.HCCMAIN/Documents/GitHub/ENES247/lab6-ShiftRegisters/lab6_1_4/shiftLeft/vivado.log
# Journal file: C:/Users/SET253-17U.HCCMAIN/Documents/GitHub/ENES247/lab6-ShiftRegisters/lab6_1_4/shiftLeft\vivado.jou
#-----------------------------------------------------------
start_gui
open_project C:/Users/SET253-17U.HCCMAIN/Documents/GitHub/ENES247/lab6-ShiftRegisters/lab6_1_4/shiftLeft/shiftLeft.xpr
update_compile_order -fileset sources_1
synth_design -rtl -name rtl_1
