#-----------------------------------------------------------
# Vivado v2018.3 (64-bit)
# SW Build 2405991 on Thu Dec  6 23:38:27 MST 2018
# IP Build 2404404 on Fri Dec  7 01:43:56 MST 2018
# Start of session at: Thu Mar 14 14:02:03 2019
# Process ID: 5816
# Current directory: C:/Users/SET253-07U.HCCMAIN/Documents/GitHub/ENES247/lab1-mux/lab1_2_tb_mux2-1-2bitwide/lab1_2_tb_mux2-1-2bitwide.runs/synth_1
# Command line: vivado.exe -log mux_2bit_2_to_1_dataflow_tb.vds -product Vivado -mode batch -messageDb vivado.pb -notrace -source mux_2bit_2_to_1_dataflow_tb.tcl
# Log file: C:/Users/SET253-07U.HCCMAIN/Documents/GitHub/ENES247/lab1-mux/lab1_2_tb_mux2-1-2bitwide/lab1_2_tb_mux2-1-2bitwide.runs/synth_1/mux_2bit_2_to_1_dataflow_tb.vds
# Journal file: C:/Users/SET253-07U.HCCMAIN/Documents/GitHub/ENES247/lab1-mux/lab1_2_tb_mux2-1-2bitwide/lab1_2_tb_mux2-1-2bitwide.runs/synth_1\vivado.jou
#-----------------------------------------------------------
source mux_2bit_2_to_1_dataflow_tb.tcl -notrace
